// Jest Snapshot v1, https://goo.gl/fbAQLP

exports[`ProAMMPool #flash after unlockPool #gas flash [ @skip-on-coverage ] 1`] = `"101704"`;

exports[`ProAMMPool #mint after unlockPool successful mints position above current tick #gas [ @skip-on-coverage ] 1`] = `"217331"`;

exports[`ProAMMPool #mint after unlockPool successful mints position above current tick #gas [ @skip-on-coverage ] 2`] = `"166511"`;

exports[`ProAMMPool #mint after unlockPool successful mints position includes current tick #gas [ @skip-on-coverage ] 1`] = `"251804"`;

exports[`ProAMMPool #mint after unlockPool successful mints position includes current tick #gas [ @skip-on-coverage ] 2`] = `"253726"`;

exports[`ProAMMPool #unlockPool #gas [ @skip-on-coverage ] 1`] = `"221432"`;

exports[`ProAMMPool burnRTokens init at 0 tick #gas [ @skip-on-coverage ] 1`] = `"91728"`;

exports[`ProAMMPool swap init at reasonable tick #gas token0 exactInput - cross 2 initiated ticks [ @skip-on-coverage ] 1`] = `"253275"`;

exports[`ProAMMPool swap init at reasonable tick #gas token0 exactInput - cross an initiated tick [ @skip-on-coverage ] 1`] = `"214364"`;

exports[`ProAMMPool swap init at reasonable tick #gas token0 exactInput - within a tick [ @skip-on-coverage ] 1`] = `"99454"`;

exports[`ProAMMPool swap init at reasonable tick #gas token1 exactOutput - cross 2 initiated ticks [ @skip-on-coverage ] 1`] = `"263614"`;

exports[`ProAMMPool swap init at reasonable tick #gas token1 exactOutput - cross an initiated tick [ @skip-on-coverage ] 1`] = `"225012"`;

exports[`ProAMMPool swap init at reasonable tick #gas token1 exactOutput - within a tick [ @skip-on-coverage ] 1`] = `"110193"`;
