// Jest Snapshot v1, https://goo.gl/fbAQLP

exports[`SwapMath #gas from token0 -> token1 exact input 1`] = `"3453"`;
